// Jest Snapshot v1, https://goo.gl/fbAQLP

exports[`matches snapshot 1`] = `
<DocumentFragment>
  <div
    class="MuiPaper-root MuiCard-root ImageCard-card-1 MuiPaper-elevation1 MuiPaper-rounded"
  >
    <div
      class="MuiCardContent-root ImageCard-content-2"
    >
      <img
        alt=""
        class="MuiCardMedia-root ImageCard-media-3 MuiCardMedia-media MuiCardMedia-img"
        height="340"
        title=""
      />
      <br />
      <p
        class="MuiTypography-root ImageCard-title-4 MuiTypography-body1 MuiTypography-colorTextSecondary"
      >
        Sports!
      </p>
    </div>
  </div>
</DocumentFragment>
`;
