// Jest Snapshot v1, https://goo.gl/fbAQLP

exports[`matches snapshot 1`] = `
<DocumentFragment>
  <div
    class="MuiPaper-root MuiCard-root ImageSearchComponent-root-1 MuiPaper-elevation1 MuiPaper-rounded"
  >
    <div>
      <form>
        <div
          class="MuiGrid-root MuiGrid-container MuiGrid-spacing-xs-2"
        >
          <div
            class="MuiGrid-root MuiGrid-item MuiGrid-grid-xs-12 MuiGrid-grid-sm-3 MuiGrid-grid-md-3 MuiGrid-grid-lg-3"
          >
            <div>
              <div
                class="MuiFormControl-root MuiTextField-root dropdown"
              >
                <label
                  class="MuiFormLabel-root MuiInputLabel-root MuiInputLabel-formControl MuiInputLabel-animated"
                  data-shrink="false"
                  for=""
                >
                  Color
                </label>
                <div
                  class="MuiInputBase-root MuiInput-root MuiInput-underline MuiInputBase-formControl MuiInput-formControl"
                >
                  <div
                    aria-haspopup="listbox"
                    aria-labelledby="mui-component-select-Color"
                    class="MuiSelect-root MuiSelect-select MuiSelect-selectMenu MuiInputBase-input MuiInput-input"
                    id="mui-component-select-Color"
                    role="button"
                    tabindex="0"
                  >
                    <span>
                      ​
                    </span>
                  </div>
                  <input
                    aria-hidden="true"
                    class="MuiSelect-nativeInput"
                    name="Color"
                    placeholder="Select Color"
                    tabindex="-1"
                    value=""
                  />
                  <svg
                    aria-hidden="true"
                    class="MuiSvgIcon-root MuiSelect-icon"
                    focusable="false"
                    viewBox="0 0 24 24"
                  >
                    <path
                      d="M7 10l5 5 5-5z"
                    />
                  </svg>
                </div>
              </div>
            </div>
          </div>
          <div
            class="MuiGrid-root MuiGrid-item MuiGrid-grid-xs-12 MuiGrid-grid-sm-3 MuiGrid-grid-md-3 MuiGrid-grid-lg-3"
          >
            <div>
              <div
                class="MuiFormControl-root MuiTextField-root dropdown"
              >
                <label
                  class="MuiFormLabel-root MuiInputLabel-root MuiInputLabel-formControl MuiInputLabel-animated"
                  data-shrink="false"
                  for=""
                >
                  Image Type
                </label>
                <div
                  class="MuiInputBase-root MuiInput-root MuiInput-underline MuiInputBase-formControl MuiInput-formControl"
                >
                  <div
                    aria-haspopup="listbox"
                    aria-labelledby="mui-component-select-ImgType"
                    class="MuiSelect-root MuiSelect-select MuiSelect-selectMenu MuiInputBase-input MuiInput-input"
                    id="mui-component-select-ImgType"
                    role="button"
                    tabindex="0"
                  >
                    <span>
                      ​
                    </span>
                  </div>
                  <input
                    aria-hidden="true"
                    class="MuiSelect-nativeInput"
                    name="ImgType"
                    placeholder="Select Image Type"
                    tabindex="-1"
                    value=""
                  />
                  <svg
                    aria-hidden="true"
                    class="MuiSvgIcon-root MuiSelect-icon"
                    focusable="false"
                    viewBox="0 0 24 24"
                  >
                    <path
                      d="M7 10l5 5 5-5z"
                    />
                  </svg>
                </div>
              </div>
            </div>
          </div>
          <div
            class="MuiGrid-root MuiGrid-item MuiGrid-grid-xs-12 MuiGrid-grid-sm-3 MuiGrid-grid-md-3 MuiGrid-grid-lg-3"
          >
            <div>
              <div
                class="MuiFormControl-root MuiTextField-root dropdown"
              >
                <label
                  class="MuiFormLabel-root MuiInputLabel-root MuiInputLabel-formControl MuiInputLabel-animated"
                  data-shrink="false"
                  for=""
                >
                  Category
                </label>
                <div
                  class="MuiInputBase-root MuiInput-root MuiInput-underline MuiInputBase-formControl MuiInput-formControl"
                >
                  <div
                    aria-haspopup="listbox"
                    aria-labelledby="mui-component-select-Category"
                    class="MuiSelect-root MuiSelect-select MuiSelect-selectMenu MuiInputBase-input MuiInput-input"
                    id="mui-component-select-Category"
                    role="button"
                    tabindex="0"
                  >
                    <span>
                      ​
                    </span>
                  </div>
                  <input
                    aria-hidden="true"
                    class="MuiSelect-nativeInput"
                    name="Category"
                    placeholder="Select Category"
                    tabindex="-1"
                    value=""
                  />
                  <svg
                    aria-hidden="true"
                    class="MuiSvgIcon-root MuiSelect-icon"
                    focusable="false"
                    viewBox="0 0 24 24"
                  >
                    <path
                      d="M7 10l5 5 5-5z"
                    />
                  </svg>
                </div>
              </div>
            </div>
          </div>
          <div
            class="MuiGrid-root MuiGrid-item MuiGrid-grid-xs-12 MuiGrid-grid-sm-2 MuiGrid-grid-md-2 MuiGrid-grid-lg-2"
          >
            <div>
              <div
                class="MuiFormControl-root MuiTextField-root dropdown"
              >
                <label
                  class="MuiFormLabel-root MuiInputLabel-root MuiInputLabel-formControl MuiInputLabel-animated"
                  data-shrink="false"
                  for="Number"
                  id="Number-label"
                >
                  Number of images
                </label>
                <div
                  class="MuiInputBase-root MuiInput-root MuiInput-underline MuiInputBase-formControl MuiInput-formControl"
                >
                  <input
                    aria-invalid="false"
                    class="MuiInputBase-input MuiInput-input"
                    id="Number"
                    name="Number"
                    placeholder="Number of images"
                    type="number"
                    value=""
                  />
                </div>
              </div>
            </div>
          </div>
          <div
            class="MuiGrid-root MuiGrid-item MuiGrid-grid-xs-12 MuiGrid-grid-sm-1 MuiGrid-grid-md-1 MuiGrid-grid-lg-1"
          >
            <button
              class="MuiButtonBase-root MuiButton-root MuiButton-contained search-button MuiButton-containedPrimary"
              tabindex="0"
              type="submit"
            >
              <span
                class="MuiButton-label"
              >
                <span
                  class="pl-2 capitalize"
                >
                  search
                </span>
              </span>
              <span
                class="MuiTouchRipple-root"
              />
            </button>
          </div>
        </div>
      </form>
    </div>
  </div>
</DocumentFragment>
`;
